C:\Users\Vasiliy\IdeaProjects\my_lounge\src\main\java\com\example\my_lounge\MyLoungeApplication.java
C:\Users\Vasiliy\IdeaProjects\my_lounge\src\main\java\com\example\my_lounge\service\MessageService.java
C:\Users\Vasiliy\IdeaProjects\my_lounge\src\main\java\com\example\my_lounge\controller\RegistrationController.java
C:\Users\Vasiliy\IdeaProjects\my_lounge\src\main\java\com\example\my_lounge\config\MvcConfig.java
C:\Users\Vasiliy\IdeaProjects\my_lounge\src\main\java\com\example\my_lounge\controller\MainController.java
C:\Users\Vasiliy\IdeaProjects\my_lounge\src\main\java\com\example\my_lounge\config\WebSecurityConfig.java
C:\Users\Vasiliy\IdeaProjects\my_lounge\src\main\java\com\example\my_lounge\controller\UserController.java
C:\Users\Vasiliy\IdeaProjects\my_lounge\src\main\java\com\example\my_lounge\dao\UserRepository.java
C:\Users\Vasiliy\IdeaProjects\my_lounge\src\main\java\com\example\my_lounge\dao\MessageRepository.java
C:\Users\Vasiliy\IdeaProjects\my_lounge\src\main\java\com\example\my_lounge\domain\User.java
C:\Users\Vasiliy\IdeaProjects\my_lounge\src\main\java\com\example\my_lounge\service\UserService.java
C:\Users\Vasiliy\IdeaProjects\my_lounge\src\main\java\com\example\my_lounge\domain\Message.java
C:\Users\Vasiliy\IdeaProjects\my_lounge\src\main\java\com\example\my_lounge\domain\Role.java
